// Jest Snapshot v1, https://goo.gl/fbAQLP

exports[`should append required module configuration correctly 1`] = `
"
buildscript {
  repositories {
    mavenCentral()
  }
}

apply(from=\\"unused.gradle.kts\\")
"
`;

exports[`should append required module configuration correctly 2`] = `
"
buildscript {
  repositories {
      gradlePluginPortal()
  }
  dependencies { classpath(\\"gradle.plugin.com.github.konifar.gradle:plugin:0.3.3\\") }
}
apply<com.github.konifar.gradle.remover.UnusedResourcesRemoverPlugin>()
"
`;
